                                      1 ;--------------------------------------------------------
                                      2 ; File Created by SDCC : free open source ANSI-C Compiler
                                      3 ; Version 3.9.0 #11195 (FreeBSD)
                                      4 ;--------------------------------------------------------
                                      5 	.module stm8s_adc1_ITConfig
                                      6 	.optsdcc -mstm8
                                      7 	
                                      8 ;--------------------------------------------------------
                                      9 ; Public variables in this module
                                     10 ;--------------------------------------------------------
                                     11 	.globl _ADC1_ITConfig
                                     12 ;--------------------------------------------------------
                                     13 ; ram data
                                     14 ;--------------------------------------------------------
                                     15 	.area DATA
                                     16 ;--------------------------------------------------------
                                     17 ; ram data
                                     18 ;--------------------------------------------------------
                                     19 	.area INITIALIZED
                                     20 ;--------------------------------------------------------
                                     21 ; absolute external ram data
                                     22 ;--------------------------------------------------------
                                     23 	.area DABS (ABS)
                                     24 
                                     25 ; default segment ordering for linker
                                     26 	.area HOME
                                     27 	.area GSINIT
                                     28 	.area GSFINAL
                                     29 	.area CONST
                                     30 	.area INITIALIZER
                                     31 	.area CODE
                                     32 
                                     33 ;--------------------------------------------------------
                                     34 ; global & static initialisations
                                     35 ;--------------------------------------------------------
                                     36 	.area HOME
                                     37 	.area GSINIT
                                     38 	.area GSFINAL
                                     39 	.area GSINIT
                                     40 ;--------------------------------------------------------
                                     41 ; Home
                                     42 ;--------------------------------------------------------
                                     43 	.area HOME
                                     44 	.area HOME
                                     45 ;--------------------------------------------------------
                                     46 ; code
                                     47 ;--------------------------------------------------------
                                     48 	.area CODE
                                     49 ;	./src/stm8s_adc1_ITConfig.c: 50: void ADC1_ITConfig(ADC1_IT_TypeDef ADC1_IT, FunctionalState NewState)
                                     50 ;	-----------------------------------------
                                     51 ;	 function ADC1_ITConfig
                                     52 ;	-----------------------------------------
      000000                         53 _ADC1_ITConfig:
      000000 88               [ 1]   54 	push	a
                                     55 ;	./src/stm8s_adc1_ITConfig.c: 59: ADC1->CSR |= (uint8_t)ADC1_IT;
      000001 C6 54 00         [ 1]   56 	ld	a, 0x5400
      000004 6B 01            [ 1]   57 	ld	(0x01, sp), a
                                     58 ;	./src/stm8s_adc1_ITConfig.c: 56: if (NewState != DISABLE)
      000006 0D 06            [ 1]   59 	tnz	(0x06, sp)
      000008 27 09            [ 1]   60 	jreq	00102$
                                     61 ;	./src/stm8s_adc1_ITConfig.c: 59: ADC1->CSR |= (uint8_t)ADC1_IT;
      00000A 7B 05            [ 1]   62 	ld	a, (0x05, sp)
      00000C 1A 01            [ 1]   63 	or	a, (0x01, sp)
      00000E C7 54 00         [ 1]   64 	ld	0x5400, a
      000011 20 09            [ 2]   65 	jra	00104$
      000013                         66 00102$:
                                     67 ;	./src/stm8s_adc1_ITConfig.c: 64: ADC1->CSR &= (uint8_t)((uint16_t)~(uint16_t)ADC1_IT);
      000013 1E 04            [ 2]   68 	ldw	x, (0x04, sp)
      000015 53               [ 2]   69 	cplw	x
      000016 9F               [ 1]   70 	ld	a, xl
      000017 14 01            [ 1]   71 	and	a, (0x01, sp)
      000019 C7 54 00         [ 1]   72 	ld	0x5400, a
      00001C                         73 00104$:
                                     74 ;	./src/stm8s_adc1_ITConfig.c: 66: }
      00001C 84               [ 1]   75 	pop	a
      00001D 81               [ 4]   76 	ret
                                     77 	.area CODE
                                     78 	.area CONST
                                     79 	.area INITIALIZER
                                     80 	.area CABS (ABS)
