                                      1 ;--------------------------------------------------------
                                      2 ; File Created by SDCC : free open source ANSI-C Compiler
                                      3 ; Version 3.9.0 #11195 (FreeBSD)
                                      4 ;--------------------------------------------------------
                                      5 	.module stm8s_tim1_TIxExternalClockConfig
                                      6 	.optsdcc -mstm8
                                      7 	
                                      8 ;--------------------------------------------------------
                                      9 ; Public variables in this module
                                     10 ;--------------------------------------------------------
                                     11 	.globl _TIM1_TI2_Config
                                     12 	.globl _TIM1_TI1_Config
                                     13 	.globl _TIM1_SelectInputTrigger
                                     14 	.globl _TIM1_TIxExternalClockConfig
                                     15 ;--------------------------------------------------------
                                     16 ; ram data
                                     17 ;--------------------------------------------------------
                                     18 	.area DATA
                                     19 ;--------------------------------------------------------
                                     20 ; ram data
                                     21 ;--------------------------------------------------------
                                     22 	.area INITIALIZED
                                     23 ;--------------------------------------------------------
                                     24 ; absolute external ram data
                                     25 ;--------------------------------------------------------
                                     26 	.area DABS (ABS)
                                     27 
                                     28 ; default segment ordering for linker
                                     29 	.area HOME
                                     30 	.area GSINIT
                                     31 	.area GSFINAL
                                     32 	.area CONST
                                     33 	.area INITIALIZER
                                     34 	.area CODE
                                     35 
                                     36 ;--------------------------------------------------------
                                     37 ; global & static initialisations
                                     38 ;--------------------------------------------------------
                                     39 	.area HOME
                                     40 	.area GSINIT
                                     41 	.area GSFINAL
                                     42 	.area GSINIT
                                     43 ;--------------------------------------------------------
                                     44 ; Home
                                     45 ;--------------------------------------------------------
                                     46 	.area HOME
                                     47 	.area HOME
                                     48 ;--------------------------------------------------------
                                     49 ; code
                                     50 ;--------------------------------------------------------
                                     51 	.area CODE
                                     52 ;	./src/stm8s_tim1_TIxExternalClockConfig.c: 57: void TIM1_TIxExternalClockConfig(TIM1_TIxExternalCLK1Source_TypeDef TIM1_TIxExternalCLKSource,
                                     53 ;	-----------------------------------------
                                     54 ;	 function TIM1_TIxExternalClockConfig
                                     55 ;	-----------------------------------------
      000000                         56 _TIM1_TIxExternalClockConfig:
                                     57 ;	./src/stm8s_tim1_TIxExternalClockConfig.c: 67: if (TIM1_TIxExternalCLKSource == TIM1_TIXEXTERNALCLK1SOURCE_TI2)
      000000 7B 03            [ 1]   58 	ld	a, (0x03, sp)
      000002 A1 60            [ 1]   59 	cp	a, #0x60
      000004 26 0F            [ 1]   60 	jrne	00102$
                                     61 ;	./src/stm8s_tim1_TIxExternalClockConfig.c: 69: TIM1_TI2_Config((uint8_t)TIM1_ICPolarity, (uint8_t)TIM1_ICSELECTION_DIRECTTI, (uint8_t)ICFilter);
      000006 7B 05            [ 1]   62 	ld	a, (0x05, sp)
      000008 88               [ 1]   63 	push	a
      000009 4B 01            [ 1]   64 	push	#0x01
      00000B 7B 06            [ 1]   65 	ld	a, (0x06, sp)
      00000D 88               [ 1]   66 	push	a
      00000E CDr00r00         [ 4]   67 	call	_TIM1_TI2_Config
      000011 5B 03            [ 2]   68 	addw	sp, #3
      000013 20 0D            [ 2]   69 	jra	00103$
      000015                         70 00102$:
                                     71 ;	./src/stm8s_tim1_TIxExternalClockConfig.c: 73: TIM1_TI1_Config((uint8_t)TIM1_ICPolarity, (uint8_t)TIM1_ICSELECTION_DIRECTTI, (uint8_t)ICFilter);
      000015 7B 05            [ 1]   72 	ld	a, (0x05, sp)
      000017 88               [ 1]   73 	push	a
      000018 4B 01            [ 1]   74 	push	#0x01
      00001A 7B 06            [ 1]   75 	ld	a, (0x06, sp)
      00001C 88               [ 1]   76 	push	a
      00001D CDr00r00         [ 4]   77 	call	_TIM1_TI1_Config
      000020 5B 03            [ 2]   78 	addw	sp, #3
      000022                         79 00103$:
                                     80 ;	./src/stm8s_tim1_TIxExternalClockConfig.c: 77: TIM1_SelectInputTrigger((TIM1_TS_TypeDef)TIM1_TIxExternalCLKSource);
      000022 7B 03            [ 1]   81 	ld	a, (0x03, sp)
      000024 88               [ 1]   82 	push	a
      000025 CDr00r00         [ 4]   83 	call	_TIM1_SelectInputTrigger
      000028 84               [ 1]   84 	pop	a
                                     85 ;	./src/stm8s_tim1_TIxExternalClockConfig.c: 80: TIM1->SMCR |= (uint8_t)(TIM1_SLAVEMODE_EXTERNAL1);
      000029 C6 52 52         [ 1]   86 	ld	a, 0x5252
      00002C AA 07            [ 1]   87 	or	a, #0x07
      00002E C7 52 52         [ 1]   88 	ld	0x5252, a
                                     89 ;	./src/stm8s_tim1_TIxExternalClockConfig.c: 81: }
      000031 81               [ 4]   90 	ret
                                     91 	.area CODE
                                     92 	.area CONST
                                     93 	.area INITIALIZER
                                     94 	.area CABS (ABS)
