                                      1 ;--------------------------------------------------------
                                      2 ; File Created by SDCC : free open source ANSI-C Compiler
                                      3 ; Version 3.9.0 #11195 (FreeBSD)
                                      4 ;--------------------------------------------------------
                                      5 	.module stm8s_exti_GetExtIntSensitivity
                                      6 	.optsdcc -mstm8
                                      7 	
                                      8 ;--------------------------------------------------------
                                      9 ; Public variables in this module
                                     10 ;--------------------------------------------------------
                                     11 	.globl _EXTI_GetExtIntSensitivity
                                     12 ;--------------------------------------------------------
                                     13 ; ram data
                                     14 ;--------------------------------------------------------
                                     15 	.area DATA
                                     16 ;--------------------------------------------------------
                                     17 ; ram data
                                     18 ;--------------------------------------------------------
                                     19 	.area INITIALIZED
                                     20 ;--------------------------------------------------------
                                     21 ; absolute external ram data
                                     22 ;--------------------------------------------------------
                                     23 	.area DABS (ABS)
                                     24 
                                     25 ; default segment ordering for linker
                                     26 	.area HOME
                                     27 	.area GSINIT
                                     28 	.area GSFINAL
                                     29 	.area CONST
                                     30 	.area INITIALIZER
                                     31 	.area CODE
                                     32 
                                     33 ;--------------------------------------------------------
                                     34 ; global & static initialisations
                                     35 ;--------------------------------------------------------
                                     36 	.area HOME
                                     37 	.area GSINIT
                                     38 	.area GSFINAL
                                     39 	.area GSINIT
                                     40 ;--------------------------------------------------------
                                     41 ; Home
                                     42 ;--------------------------------------------------------
                                     43 	.area HOME
                                     44 	.area HOME
                                     45 ;--------------------------------------------------------
                                     46 ; code
                                     47 ;--------------------------------------------------------
                                     48 	.area CODE
                                     49 ;	./src/stm8s_exti_GetExtIntSensitivity.c: 46: EXTI_Sensitivity_TypeDef EXTI_GetExtIntSensitivity(EXTI_Port_TypeDef Port)
                                     50 ;	-----------------------------------------
                                     51 ;	 function EXTI_GetExtIntSensitivity
                                     52 ;	-----------------------------------------
      000000                         53 _EXTI_GetExtIntSensitivity:
                                     54 ;	./src/stm8s_exti_GetExtIntSensitivity.c: 48: uint8_t value = 0;
      000000 4F               [ 1]   55 	clr	a
                                     56 ;	./src/stm8s_exti_GetExtIntSensitivity.c: 53: switch (Port)
      000001 88               [ 1]   57 	push	a
      000002 7B 04            [ 1]   58 	ld	a, (0x04, sp)
      000004 A1 04            [ 1]   59 	cp	a, #0x04
      000006 84               [ 1]   60 	pop	a
      000007 23 01            [ 2]   61 	jrule	00115$
      000009 81               [ 4]   62 	ret
      00000A                         63 00115$:
      00000A 5F               [ 1]   64 	clrw	x
      00000B 7B 03            [ 1]   65 	ld	a, (0x03, sp)
      00000D 97               [ 1]   66 	ld	xl, a
      00000E 58               [ 2]   67 	sllw	x
      00000F DEu00u13         [ 2]   68 	ldw	x, (#00116$, x)
      000012 FC               [ 2]   69 	jp	(x)
      000013                         70 00116$:
      000013r00r1D                   71 	.dw	#00101$
      000015r00r23                   72 	.dw	#00102$
      000017r00r2B                   73 	.dw	#00103$
      000019r00r34                   74 	.dw	#00104$
      00001Br00r3F                   75 	.dw	#00105$
                                     76 ;	./src/stm8s_exti_GetExtIntSensitivity.c: 55: case EXTI_PORT_GPIOA:
      00001D                         77 00101$:
                                     78 ;	./src/stm8s_exti_GetExtIntSensitivity.c: 56: value = (uint8_t)(EXTI->CR1 & EXTI_CR1_PAIS);
      00001D C6 50 A0         [ 1]   79 	ld	a, 0x50a0
      000020 A4 03            [ 1]   80 	and	a, #0x03
                                     81 ;	./src/stm8s_exti_GetExtIntSensitivity.c: 57: break;
      000022 81               [ 4]   82 	ret
                                     83 ;	./src/stm8s_exti_GetExtIntSensitivity.c: 58: case EXTI_PORT_GPIOB:
      000023                         84 00102$:
                                     85 ;	./src/stm8s_exti_GetExtIntSensitivity.c: 59: value = (uint8_t)((uint8_t)(EXTI->CR1 & EXTI_CR1_PBIS) >> 2);
      000023 C6 50 A0         [ 1]   86 	ld	a, 0x50a0
      000026 A4 0C            [ 1]   87 	and	a, #0x0c
      000028 44               [ 1]   88 	srl	a
      000029 44               [ 1]   89 	srl	a
                                     90 ;	./src/stm8s_exti_GetExtIntSensitivity.c: 60: break;
      00002A 81               [ 4]   91 	ret
                                     92 ;	./src/stm8s_exti_GetExtIntSensitivity.c: 61: case EXTI_PORT_GPIOC:
      00002B                         93 00103$:
                                     94 ;	./src/stm8s_exti_GetExtIntSensitivity.c: 62: value = (uint8_t)((uint8_t)(EXTI->CR1 & EXTI_CR1_PCIS) >> 4);
      00002B C6 50 A0         [ 1]   95 	ld	a, 0x50a0
      00002E A4 30            [ 1]   96 	and	a, #0x30
      000030 4E               [ 1]   97 	swap	a
      000031 A4 0F            [ 1]   98 	and	a, #0x0f
                                     99 ;	./src/stm8s_exti_GetExtIntSensitivity.c: 63: break;
      000033 81               [ 4]  100 	ret
                                    101 ;	./src/stm8s_exti_GetExtIntSensitivity.c: 64: case EXTI_PORT_GPIOD:
      000034                        102 00104$:
                                    103 ;	./src/stm8s_exti_GetExtIntSensitivity.c: 65: value = (uint8_t)((uint8_t)(EXTI->CR1 & EXTI_CR1_PDIS) >> 6);
      000034 C6 50 A0         [ 1]  104 	ld	a, 0x50a0
      000037 A4 C0            [ 1]  105 	and	a, #0xc0
      000039 4E               [ 1]  106 	swap	a
      00003A A4 0F            [ 1]  107 	and	a, #0x0f
      00003C 44               [ 1]  108 	srl	a
      00003D 44               [ 1]  109 	srl	a
                                    110 ;	./src/stm8s_exti_GetExtIntSensitivity.c: 66: break;
      00003E 81               [ 4]  111 	ret
                                    112 ;	./src/stm8s_exti_GetExtIntSensitivity.c: 67: case EXTI_PORT_GPIOE:
      00003F                        113 00105$:
                                    114 ;	./src/stm8s_exti_GetExtIntSensitivity.c: 68: value = (uint8_t)(EXTI->CR2 & EXTI_CR2_PEIS);
      00003F C6 50 A1         [ 1]  115 	ld	a, 0x50a1
      000042 A4 03            [ 1]  116 	and	a, #0x03
                                    117 ;	./src/stm8s_exti_GetExtIntSensitivity.c: 72: }
                                    118 ;	./src/stm8s_exti_GetExtIntSensitivity.c: 74: return((EXTI_Sensitivity_TypeDef)value);
                                    119 ;	./src/stm8s_exti_GetExtIntSensitivity.c: 75: }
      000044 81               [ 4]  120 	ret
                                    121 	.area CODE
                                    122 	.area CONST
                                    123 	.area INITIALIZER
                                    124 	.area CABS (ABS)
