                                      1 ;--------------------------------------------------------
                                      2 ; File Created by SDCC : free open source ANSI-C Compiler
                                      3 ; Version 3.9.0 #11195 (FreeBSD)
                                      4 ;--------------------------------------------------------
                                      5 	.module stm8s_tim1_PWMIConfig
                                      6 	.optsdcc -mstm8
                                      7 	
                                      8 ;--------------------------------------------------------
                                      9 ; Public variables in this module
                                     10 ;--------------------------------------------------------
                                     11 	.globl _TIM1_TI2_Config
                                     12 	.globl _TIM1_TI1_Config
                                     13 	.globl _TIM1_SetIC2Prescaler
                                     14 	.globl _TIM1_SetIC1Prescaler
                                     15 	.globl _TIM1_PWMIConfig
                                     16 ;--------------------------------------------------------
                                     17 ; ram data
                                     18 ;--------------------------------------------------------
                                     19 	.area DATA
                                     20 ;--------------------------------------------------------
                                     21 ; ram data
                                     22 ;--------------------------------------------------------
                                     23 	.area INITIALIZED
                                     24 ;--------------------------------------------------------
                                     25 ; absolute external ram data
                                     26 ;--------------------------------------------------------
                                     27 	.area DABS (ABS)
                                     28 
                                     29 ; default segment ordering for linker
                                     30 	.area HOME
                                     31 	.area GSINIT
                                     32 	.area GSFINAL
                                     33 	.area CONST
                                     34 	.area INITIALIZER
                                     35 	.area CODE
                                     36 
                                     37 ;--------------------------------------------------------
                                     38 ; global & static initialisations
                                     39 ;--------------------------------------------------------
                                     40 	.area HOME
                                     41 	.area GSINIT
                                     42 	.area GSFINAL
                                     43 	.area GSINIT
                                     44 ;--------------------------------------------------------
                                     45 ; Home
                                     46 ;--------------------------------------------------------
                                     47 	.area HOME
                                     48 	.area HOME
                                     49 ;--------------------------------------------------------
                                     50 ; code
                                     51 ;--------------------------------------------------------
                                     52 	.area CODE
                                     53 ;	./src/stm8s_tim1_PWMIConfig.c: 56: void TIM1_PWMIConfig(TIM1_Channel_TypeDef TIM1_Channel,
                                     54 ;	-----------------------------------------
                                     55 ;	 function TIM1_PWMIConfig
                                     56 ;	-----------------------------------------
      000000                         57 _TIM1_PWMIConfig:
      000000 89               [ 2]   58 	pushw	x
                                     59 ;	./src/stm8s_tim1_PWMIConfig.c: 72: if (TIM1_ICPolarity != TIM1_ICPOLARITY_FALLING)
      000001 7B 06            [ 1]   60 	ld	a, (0x06, sp)
      000003 4A               [ 1]   61 	dec	a
      000004 27 05            [ 1]   62 	jreq	00102$
                                     63 ;	./src/stm8s_tim1_PWMIConfig.c: 74: icpolarity = TIM1_ICPOLARITY_FALLING;
      000006 A6 01            [ 1]   64 	ld	a, #0x01
      000008 6B 01            [ 1]   65 	ld	(0x01, sp), a
                                     66 ;	./src/stm8s_tim1_PWMIConfig.c: 78: icpolarity = TIM1_ICPOLARITY_RISING;
      00000A C5                      67 	.byte 0xc5
      00000B                         68 00102$:
      00000B 0F 01            [ 1]   69 	clr	(0x01, sp)
      00000D                         70 00103$:
                                     71 ;	./src/stm8s_tim1_PWMIConfig.c: 82: if (TIM1_ICSelection == TIM1_ICSELECTION_DIRECTTI)
      00000D 7B 07            [ 1]   72 	ld	a, (0x07, sp)
      00000F 4A               [ 1]   73 	dec	a
      000010 26 06            [ 1]   74 	jrne	00105$
                                     75 ;	./src/stm8s_tim1_PWMIConfig.c: 84: icselection = TIM1_ICSELECTION_INDIRECTTI;
      000012 A6 02            [ 1]   76 	ld	a, #0x02
      000014 6B 02            [ 1]   77 	ld	(0x02, sp), a
      000016 20 04            [ 2]   78 	jra	00106$
      000018                         79 00105$:
                                     80 ;	./src/stm8s_tim1_PWMIConfig.c: 88: icselection = TIM1_ICSELECTION_DIRECTTI;
      000018 A6 01            [ 1]   81 	ld	a, #0x01
      00001A 6B 02            [ 1]   82 	ld	(0x02, sp), a
      00001C                         83 00106$:
                                     84 ;	./src/stm8s_tim1_PWMIConfig.c: 91: if (TIM1_Channel == TIM1_CHANNEL_1)
      00001C 0D 05            [ 1]   85 	tnz	(0x05, sp)
      00001E 26 2C            [ 1]   86 	jrne	00108$
                                     87 ;	./src/stm8s_tim1_PWMIConfig.c: 94: TIM1_TI1_Config((uint8_t)TIM1_ICPolarity, (uint8_t)TIM1_ICSelection,
      000020 7B 09            [ 1]   88 	ld	a, (0x09, sp)
      000022 88               [ 1]   89 	push	a
      000023 7B 08            [ 1]   90 	ld	a, (0x08, sp)
      000025 88               [ 1]   91 	push	a
      000026 7B 08            [ 1]   92 	ld	a, (0x08, sp)
      000028 88               [ 1]   93 	push	a
      000029 CDr00r00         [ 4]   94 	call	_TIM1_TI1_Config
      00002C 5B 03            [ 2]   95 	addw	sp, #3
                                     96 ;	./src/stm8s_tim1_PWMIConfig.c: 98: TIM1_SetIC1Prescaler(TIM1_ICPrescaler);
      00002E 7B 08            [ 1]   97 	ld	a, (0x08, sp)
      000030 88               [ 1]   98 	push	a
      000031 CDr00r00         [ 4]   99 	call	_TIM1_SetIC1Prescaler
      000034 84               [ 1]  100 	pop	a
                                    101 ;	./src/stm8s_tim1_PWMIConfig.c: 101: TIM1_TI2_Config(icpolarity, icselection, TIM1_ICFilter);
      000035 7B 09            [ 1]  102 	ld	a, (0x09, sp)
      000037 88               [ 1]  103 	push	a
      000038 7B 03            [ 1]  104 	ld	a, (0x03, sp)
      00003A 88               [ 1]  105 	push	a
      00003B 7B 03            [ 1]  106 	ld	a, (0x03, sp)
      00003D 88               [ 1]  107 	push	a
      00003E CDr00r00         [ 4]  108 	call	_TIM1_TI2_Config
      000041 5B 03            [ 2]  109 	addw	sp, #3
                                    110 ;	./src/stm8s_tim1_PWMIConfig.c: 104: TIM1_SetIC2Prescaler(TIM1_ICPrescaler);
      000043 7B 08            [ 1]  111 	ld	a, (0x08, sp)
      000045 88               [ 1]  112 	push	a
      000046 CDr00r00         [ 4]  113 	call	_TIM1_SetIC2Prescaler
      000049 84               [ 1]  114 	pop	a
      00004A 20 2A            [ 2]  115 	jra	00110$
      00004C                        116 00108$:
                                    117 ;	./src/stm8s_tim1_PWMIConfig.c: 109: TIM1_TI2_Config((uint8_t)TIM1_ICPolarity, (uint8_t)TIM1_ICSelection,
      00004C 7B 09            [ 1]  118 	ld	a, (0x09, sp)
      00004E 88               [ 1]  119 	push	a
      00004F 7B 08            [ 1]  120 	ld	a, (0x08, sp)
      000051 88               [ 1]  121 	push	a
      000052 7B 08            [ 1]  122 	ld	a, (0x08, sp)
      000054 88               [ 1]  123 	push	a
      000055 CDr00r00         [ 4]  124 	call	_TIM1_TI2_Config
      000058 5B 03            [ 2]  125 	addw	sp, #3
                                    126 ;	./src/stm8s_tim1_PWMIConfig.c: 113: TIM1_SetIC2Prescaler(TIM1_ICPrescaler);
      00005A 7B 08            [ 1]  127 	ld	a, (0x08, sp)
      00005C 88               [ 1]  128 	push	a
      00005D CDr00r00         [ 4]  129 	call	_TIM1_SetIC2Prescaler
      000060 84               [ 1]  130 	pop	a
                                    131 ;	./src/stm8s_tim1_PWMIConfig.c: 116: TIM1_TI1_Config(icpolarity, icselection, TIM1_ICFilter);
      000061 7B 09            [ 1]  132 	ld	a, (0x09, sp)
      000063 88               [ 1]  133 	push	a
      000064 7B 03            [ 1]  134 	ld	a, (0x03, sp)
      000066 88               [ 1]  135 	push	a
      000067 7B 03            [ 1]  136 	ld	a, (0x03, sp)
      000069 88               [ 1]  137 	push	a
      00006A CDr00r00         [ 4]  138 	call	_TIM1_TI1_Config
      00006D 5B 03            [ 2]  139 	addw	sp, #3
                                    140 ;	./src/stm8s_tim1_PWMIConfig.c: 119: TIM1_SetIC1Prescaler(TIM1_ICPrescaler);
      00006F 7B 08            [ 1]  141 	ld	a, (0x08, sp)
      000071 88               [ 1]  142 	push	a
      000072 CDr00r00         [ 4]  143 	call	_TIM1_SetIC1Prescaler
      000075 84               [ 1]  144 	pop	a
      000076                        145 00110$:
                                    146 ;	./src/stm8s_tim1_PWMIConfig.c: 121: }
      000076 85               [ 2]  147 	popw	x
      000077 81               [ 4]  148 	ret
                                    149 	.area CODE
                                    150 	.area CONST
                                    151 	.area INITIALIZER
                                    152 	.area CABS (ABS)
