                                      1 ;--------------------------------------------------------
                                      2 ; File Created by SDCC : free open source ANSI-C Compiler
                                      3 ; Version 3.9.0 #11195 (FreeBSD)
                                      4 ;--------------------------------------------------------
                                      5 	.module stm8s_exti_SetExtIntSensitivity
                                      6 	.optsdcc -mstm8
                                      7 	
                                      8 ;--------------------------------------------------------
                                      9 ; Public variables in this module
                                     10 ;--------------------------------------------------------
                                     11 	.globl _EXTI_SetExtIntSensitivity
                                     12 ;--------------------------------------------------------
                                     13 ; ram data
                                     14 ;--------------------------------------------------------
                                     15 	.area DATA
                                     16 ;--------------------------------------------------------
                                     17 ; ram data
                                     18 ;--------------------------------------------------------
                                     19 	.area INITIALIZED
                                     20 ;--------------------------------------------------------
                                     21 ; absolute external ram data
                                     22 ;--------------------------------------------------------
                                     23 	.area DABS (ABS)
                                     24 
                                     25 ; default segment ordering for linker
                                     26 	.area HOME
                                     27 	.area GSINIT
                                     28 	.area GSFINAL
                                     29 	.area CONST
                                     30 	.area INITIALIZER
                                     31 	.area CODE
                                     32 
                                     33 ;--------------------------------------------------------
                                     34 ; global & static initialisations
                                     35 ;--------------------------------------------------------
                                     36 	.area HOME
                                     37 	.area GSINIT
                                     38 	.area GSFINAL
                                     39 	.area GSINIT
                                     40 ;--------------------------------------------------------
                                     41 ; Home
                                     42 ;--------------------------------------------------------
                                     43 	.area HOME
                                     44 	.area HOME
                                     45 ;--------------------------------------------------------
                                     46 ; code
                                     47 ;--------------------------------------------------------
                                     48 	.area CODE
                                     49 ;	./src/stm8s_exti_SetExtIntSensitivity.c: 52: void EXTI_SetExtIntSensitivity(EXTI_Port_TypeDef Port, EXTI_Sensitivity_TypeDef SensitivityValue)
                                     50 ;	-----------------------------------------
                                     51 ;	 function EXTI_SetExtIntSensitivity
                                     52 ;	-----------------------------------------
      000000                         53 _EXTI_SetExtIntSensitivity:
      000000 88               [ 1]   54 	push	a
                                     55 ;	./src/stm8s_exti_SetExtIntSensitivity.c: 59: switch (Port)
      000001 7B 04            [ 1]   56 	ld	a, (0x04, sp)
      000003 A1 04            [ 1]   57 	cp	a, #0x04
      000005 23 03            [ 2]   58 	jrule	00115$
      000007 CCr00r8E         [ 2]   59 	jp	00108$
      00000A                         60 00115$:
                                     61 ;	./src/stm8s_exti_SetExtIntSensitivity.c: 67: EXTI->CR1 |= (uint8_t)((uint8_t)(SensitivityValue) << 2);
      00000A 7B 05            [ 1]   62 	ld	a, (0x05, sp)
      00000C 90 97            [ 1]   63 	ld	yl, a
                                     64 ;	./src/stm8s_exti_SetExtIntSensitivity.c: 59: switch (Port)
      00000E 5F               [ 1]   65 	clrw	x
      00000F 7B 04            [ 1]   66 	ld	a, (0x04, sp)
      000011 97               [ 1]   67 	ld	xl, a
      000012 58               [ 2]   68 	sllw	x
      000013 DEu00u17         [ 2]   69 	ldw	x, (#00116$, x)
      000016 FC               [ 2]   70 	jp	(x)
      000017                         71 00116$:
      000017r00r21                   72 	.dw	#00101$
      000019r00r33                   73 	.dw	#00102$
      00001Br00r4A                   74 	.dw	#00103$
      00001Dr00r63                   75 	.dw	#00104$
      00001Fr00r7E                   76 	.dw	#00105$
                                     77 ;	./src/stm8s_exti_SetExtIntSensitivity.c: 61: case EXTI_PORT_GPIOA:
      000021                         78 00101$:
                                     79 ;	./src/stm8s_exti_SetExtIntSensitivity.c: 62: EXTI->CR1 &= (uint8_t)(~EXTI_CR1_PAIS);
      000021 C6 50 A0         [ 1]   80 	ld	a, 0x50a0
      000024 A4 FC            [ 1]   81 	and	a, #0xfc
      000026 C7 50 A0         [ 1]   82 	ld	0x50a0, a
                                     83 ;	./src/stm8s_exti_SetExtIntSensitivity.c: 63: EXTI->CR1 |= (uint8_t)(SensitivityValue);
      000029 C6 50 A0         [ 1]   84 	ld	a, 0x50a0
      00002C 1A 05            [ 1]   85 	or	a, (0x05, sp)
      00002E C7 50 A0         [ 1]   86 	ld	0x50a0, a
                                     87 ;	./src/stm8s_exti_SetExtIntSensitivity.c: 64: break;
      000031 20 5B            [ 2]   88 	jra	00108$
                                     89 ;	./src/stm8s_exti_SetExtIntSensitivity.c: 65: case EXTI_PORT_GPIOB:
      000033                         90 00102$:
                                     91 ;	./src/stm8s_exti_SetExtIntSensitivity.c: 66: EXTI->CR1 &= (uint8_t)(~EXTI_CR1_PBIS);
      000033 C6 50 A0         [ 1]   92 	ld	a, 0x50a0
      000036 A4 F3            [ 1]   93 	and	a, #0xf3
      000038 C7 50 A0         [ 1]   94 	ld	0x50a0, a
                                     95 ;	./src/stm8s_exti_SetExtIntSensitivity.c: 67: EXTI->CR1 |= (uint8_t)((uint8_t)(SensitivityValue) << 2);
      00003B C6 50 A0         [ 1]   96 	ld	a, 0x50a0
      00003E 93               [ 1]   97 	ldw	x, y
      00003F 58               [ 2]   98 	sllw	x
      000040 58               [ 2]   99 	sllw	x
      000041 89               [ 2]  100 	pushw	x
      000042 1A 02            [ 1]  101 	or	a, (2, sp)
      000044 85               [ 2]  102 	popw	x
      000045 C7 50 A0         [ 1]  103 	ld	0x50a0, a
                                    104 ;	./src/stm8s_exti_SetExtIntSensitivity.c: 68: break;
      000048 20 44            [ 2]  105 	jra	00108$
                                    106 ;	./src/stm8s_exti_SetExtIntSensitivity.c: 69: case EXTI_PORT_GPIOC:
      00004A                        107 00103$:
                                    108 ;	./src/stm8s_exti_SetExtIntSensitivity.c: 70: EXTI->CR1 &= (uint8_t)(~EXTI_CR1_PCIS);
      00004A C6 50 A0         [ 1]  109 	ld	a, 0x50a0
      00004D A4 CF            [ 1]  110 	and	a, #0xcf
      00004F C7 50 A0         [ 1]  111 	ld	0x50a0, a
                                    112 ;	./src/stm8s_exti_SetExtIntSensitivity.c: 71: EXTI->CR1 |= (uint8_t)((uint8_t)(SensitivityValue) << 4);
      000052 C6 50 A0         [ 1]  113 	ld	a, 0x50a0
      000055 6B 01            [ 1]  114 	ld	(0x01, sp), a
      000057 90 9F            [ 1]  115 	ld	a, yl
      000059 4E               [ 1]  116 	swap	a
      00005A A4 F0            [ 1]  117 	and	a, #0xf0
      00005C 1A 01            [ 1]  118 	or	a, (0x01, sp)
      00005E C7 50 A0         [ 1]  119 	ld	0x50a0, a
                                    120 ;	./src/stm8s_exti_SetExtIntSensitivity.c: 72: break;
      000061 20 2B            [ 2]  121 	jra	00108$
                                    122 ;	./src/stm8s_exti_SetExtIntSensitivity.c: 73: case EXTI_PORT_GPIOD:
      000063                        123 00104$:
                                    124 ;	./src/stm8s_exti_SetExtIntSensitivity.c: 74: EXTI->CR1 &= (uint8_t)(~EXTI_CR1_PDIS);
      000063 C6 50 A0         [ 1]  125 	ld	a, 0x50a0
      000066 A4 3F            [ 1]  126 	and	a, #0x3f
      000068 C7 50 A0         [ 1]  127 	ld	0x50a0, a
                                    128 ;	./src/stm8s_exti_SetExtIntSensitivity.c: 75: EXTI->CR1 |= (uint8_t)((uint8_t)(SensitivityValue) << 6);
      00006B C6 50 A0         [ 1]  129 	ld	a, 0x50a0
      00006E 6B 01            [ 1]  130 	ld	(0x01, sp), a
      000070 90 9F            [ 1]  131 	ld	a, yl
      000072 4E               [ 1]  132 	swap	a
      000073 A4 F0            [ 1]  133 	and	a, #0xf0
      000075 48               [ 1]  134 	sll	a
      000076 48               [ 1]  135 	sll	a
      000077 1A 01            [ 1]  136 	or	a, (0x01, sp)
      000079 C7 50 A0         [ 1]  137 	ld	0x50a0, a
                                    138 ;	./src/stm8s_exti_SetExtIntSensitivity.c: 76: break;
      00007C 20 10            [ 2]  139 	jra	00108$
                                    140 ;	./src/stm8s_exti_SetExtIntSensitivity.c: 77: case EXTI_PORT_GPIOE:
      00007E                        141 00105$:
                                    142 ;	./src/stm8s_exti_SetExtIntSensitivity.c: 78: EXTI->CR2 &= (uint8_t)(~EXTI_CR2_PEIS);
      00007E C6 50 A1         [ 1]  143 	ld	a, 0x50a1
      000081 A4 FC            [ 1]  144 	and	a, #0xfc
      000083 C7 50 A1         [ 1]  145 	ld	0x50a1, a
                                    146 ;	./src/stm8s_exti_SetExtIntSensitivity.c: 79: EXTI->CR2 |= (uint8_t)(SensitivityValue);
      000086 C6 50 A1         [ 1]  147 	ld	a, 0x50a1
      000089 1A 05            [ 1]  148 	or	a, (0x05, sp)
      00008B C7 50 A1         [ 1]  149 	ld	0x50a1, a
                                    150 ;	./src/stm8s_exti_SetExtIntSensitivity.c: 83: }
      00008E                        151 00108$:
                                    152 ;	./src/stm8s_exti_SetExtIntSensitivity.c: 84: }
      00008E 84               [ 1]  153 	pop	a
      00008F 81               [ 4]  154 	ret
                                    155 	.area CODE
                                    156 	.area CONST
                                    157 	.area INITIALIZER
                                    158 	.area CABS (ABS)
